* using log directory '/private/tmp/genpca-release-review/cran-check/genpca.Rcheck'
* using R version 4.5.1 (2025-06-13)
* using platform: aarch64-apple-darwin20
* R was compiled by
    Apple clang version 16.0.0 (clang-1600.0.26.6)
    GNU Fortran (GCC) 14.2.0
* running under: macOS Sonoma 14.3
* using session charset: ASCII
* using option '--as-cran'
* checking for file 'genpca/DESCRIPTION' ... OK
* checking extension type ... Package
* this is package 'genpca' version '0.2.0'
* package encoding: UTF-8
* checking CRAN incoming feasibility ... [3s/18s] NOTE
Maintainer: 'Brad Buchsbaum <brad.buchsbaum@gmail.com>'

New submission
* checking package namespace information ... OK
* checking package dependencies ... OK
* checking if this is a source package ... OK
* checking if there is a namespace ... OK
* checking for executable files ... OK
* checking for hidden files and directories ... OK
* checking for portable file names ... OK
* checking for sufficient/correct file permissions ... OK
* checking whether package 'genpca' can be installed ... [13s/16s] WARNING
Found the following significant warnings:
  /Library/Frameworks/R.framework/Resources/include/R_ext/Boolean.h:62:36: warning: unknown warning group '-Wfixed-enum-extension', ignored [-Wunknown-warning-option]
See '/private/tmp/genpca-release-review/cran-check/genpca.Rcheck/00install.out' for details.
* used C++ compiler: 'Homebrew clang version 20.1.8'
* used SDK: 'MacOSX14.2.sdk'
* checking installed package size ... OK
* checking package directory ... OK
* checking for future file timestamps ... OK
* checking 'build' directory ... OK
* checking DESCRIPTION meta-information ... OK
* checking top-level files ... OK
* checking for left-over files ... OK
* checking index information ... OK
* checking package subdirectories ... OK
* checking code files for non-ASCII characters ... OK
* checking R files for syntax errors ... OK
* checking whether the package can be loaded ... OK
* checking whether the package can be loaded with stated dependencies ... OK
* checking whether the package can be unloaded cleanly ... OK
* checking whether the namespace can be loaded with stated dependencies ... OK
* checking whether the namespace can be unloaded cleanly ... OK
* checking use of S3 registration ... OK
* checking dependencies in R code ... OK
* checking S3 generic/method consistency ... OK
* checking replacement functions ... OK
* checking foreign function calls ... OK
* checking R code for possible problems ... OK
* checking Rd files ... OK
* checking Rd metadata ... OK
* checking Rd line widths ... OK
* checking Rd cross-references ... OK
* checking for missing documentation entries ... OK
* checking for code/documentation mismatches ... OK
* checking Rd \usage sections ... OK
* checking Rd contents ... OK
* checking for unstated dependencies in examples ... OK
* checking line endings in C/C++/Fortran sources/headers ... OK
* checking line endings in Makefiles ... OK
* checking compilation flags in Makevars ... OK
* checking for GNU extensions in Makefiles ... OK
* checking for portable use of $(BLAS_LIBS) and $(LAPACK_LIBS) ... OK
* checking use of PKG_*FLAGS in Makefiles ... OK
* checking use of SHLIB_OPENMP_*FLAGS in Makefiles ... OK
* checking pragmas in C/C++ headers and code ... OK
* checking compilation flags used ... OK
* checking compiled code ... OK
* checking installed files from 'inst/doc' ... OK
* checking files in 'vignettes' ... NOTE
The following files look like leftovers/mistakes:
  'Rplots.pdf'
Please remove them from your package.
* checking examples ... OK
* checking for unstated dependencies in 'tests' ... OK
* checking tests ... [10s/10s] OK
  Running 'testthat.R' [10s/10s]
* checking for unstated dependencies in vignettes ... OK
* checking package vignettes ... OK
* checking re-building of vignette outputs ... [12s/15s] OK
* checking PDF version of manual ... WARNING
LaTeX errors when creating PDF version.
This typically indicates Rd problems.
LaTeX errors found:
! Missing $ inserted.
<inserted text>
                $
l.361 ...with \eqn{d_j \le \code{rank_rtol} d_1}{}

! Extra }, or forgotten $.
\textdef@ ...th {#1}\let \f@size #2\selectfont #3}
                                                  }
l.361 ...with \eqn{d_j \le \code{rank_rtol} d_1}{}

! Extra }, or forgotten $.
\textdef@ ...h {#1}\let \f@size #2\selectfont #3}}

l.361 ...with \eqn{d_j \le \code{rank_rtol} d_1}{}

! Extra }, or forgotten $.
\text@ ...e {\textdef@ \displaystyle \f@size {#1}}
                                                  {\textdef@ \textstyle \f@s...
l.361 ...with \eqn{d_j \le \code{rank_rtol} d_1}{}

! Missing $ inserted.
<inserted text>
                $
l.361 ...with \eqn{d_j \le \code{rank_rtol} d_1}{}

! Extra }, or forgotten $.
\textdef@ ...th {#1}\let \f@size #2\selectfont #3}
                                                  }
l.361 ...with \eqn{d_j \le \code{rank_rtol} d_1}{}

! Extra }, or forgotten $.
\textdef@ ...h {#1}\let \f@size #2\selectfont #3}}

l.361 ...with \eqn{d_j \le \code{rank_rtol} d_1}{}

! Extra }, or forgotten $.
\text@ ...xtstyle \f@size {\firstchoice@false #1}}
                                                  {\textdef@ \textstyle \sf@...
l.361 ...with \eqn{d_j \le \code{rank_rtol} d_1}{}

! Missing $ inserted.
<inserted text>
                $
l.361 ...with \eqn{d_j \le \code{rank_rtol} d_1}{}

! Extra }, or forgotten $.
\textdef@ ...th {#1}\let \f@size #2\selectfont #3}
                                                  }
l.361 ...with \eqn{d_j \le \code{rank_rtol} d_1}{}

! Extra }, or forgotten $.
\textdef@ ...h {#1}\let \f@size #2\selectfont #3}}

l.361 ...with \eqn{d_j \le \code{rank_rtol} d_1}{}

! Extra }, or forgotten $.
\text@ ...tstyle \sf@size {\firstchoice@false #1}}
                                                  {\textdef@ \textstyle \ssf...
l.361 ...with \eqn{d_j \le \code{rank_rtol} d_1}{}

! Missing $ inserted.
<inserted text>
                $
l.361 ...with \eqn{d_j \le \code{rank_rtol} d_1}{}

! Extra }, or forgotten $.
\textdef@ ...th {#1}\let \f@size #2\selectfont #3}
                                                  }
l.361 ...with \eqn{d_j \le \code{rank_rtol} d_1}{}

! Extra }, or forgotten $.
\textdef@ ...h {#1}\let \f@size #2\selectfont #3}}

l.361 ...with \eqn{d_j \le \code{rank_rtol} d_1}{}

! Extra }, or forgotten $.
\text@ ...style \ssf@size {\firstchoice@false #1}}
                                                  \check@mathfonts }
l.361 ...with \eqn{d_j \le \code{rank_rtol} d_1}{}

! Extra }, or forgotten $.
\text@ ...firstchoice@false #1}}\check@mathfonts }

l.361 ...with \eqn{d_j \le \code{rank_rtol} d_1}{}

! Extra }, or forgotten $.
\Rd@code@wrk #1->\texttt {#1}\egroup

l.361 ...with \eqn{d_j \le \code{rank_rtol} d_1}{}

! Missing } inserted.
<inserted text>
                }
l.364 \item[\code{metric\_rtol}]
                                 Relative tolerance for validating \code{C} and
! Missing } inserted.
<inserted text>
                }
l.364 \item[\code{metric\_rtol}]
                                 Relative tolerance for validating \code{C} and
! Missing $ inserted.
<inserted text>
                $
l.364 \item[\code{metric\_rtol}]
                                 Relative tolerance for validating \code{C} and
! Missing } inserted.
<inserted text>
                }
l.364 \item[\code{metric\_rtol}]
                                 Relative tolerance for validating \code{C} and
! Missing } inserted.
<inserted text>
                }
l.364 \item[\code{metric\_rtol}]
                                 Relative tolerance for validating \code{C} and
! Missing } inserted.
<inserted text>
                }
l.364 \item[\code{metric\_rtol}]
                                 Relative tolerance for validating \code{C} and
! Missing $ inserted.
<inserted text>
                $
l.364 \item[\code{metric\_rtol}]
                                 Relative tolerance for validating \code{C} and
! Missing } inserted.
<inserted text>
                }
l.364 \item[\code{metric\_rtol}]
                                 Relative tolerance for validating \code{C} and
! Missing } inserted.
<inserted text>
                }
l.364 \item[\code{metric\_rtol}]
                                 Relative tolerance for validating \code{C} and
! Missing } inserted.
<inserted text>
                }
l.364 \item[\code{metric\_rtol}]
                                 Relative tolerance for validating \code{C} and
! Missing $ inserted.
<inserted text>
                $
l.364 \item[\code{metric\_rtol}]
                                 Relative tolerance for validating \code{C} and
! Missing } inserted.
<inserted text>
                }
l.364 \item[\code{metric\_rtol}]
                                 Relative tolerance for validating \code{C} and
! Missing } inserted.
<inserted text>
                }
l.364 \item[\code{metric\_rtol}]
                                 Relative tolerance for validating \code{C} and
! Missing } inserted.
<inserted text>
                }
l.364 \item[\code{metric\_rtol}]
                                 Relative tolerance for validating \code{C} and
! Missing $ inserted.
<inserted text>
                $
l.364 \item[\code{metric\_rtol}]
                                 Relative tolerance for validating \code{C} and
! Missing } inserted.
<inserted text>
                }
l.364 \item[\code{metric\_rtol}]
                                 Relative tolerance for validating \code{C} and
! Missing { inserted.
<to be read again>
                   $
l.364 \item[\code{metric\_rtol}]
                                 Relative tolerance for validating \code{C} and
! Missing } inserted.
<inserted text>
                }
l.364 \item[\code{metric\_rtol}]
                                 Relative tolerance for validating \code{C} and
! Missing { inserted.
<to be read again>
                   $
l.364 \item[\code{metric\_rtol}]
                                 Relative tolerance for validating \code{C} and
! Missing } inserted.
<inserted text>
                }
l.364 \item[\code{metric\_rtol}]
                                 Relative tolerance for validating \code{C} and
! Missing { inserted.
<to be read again>
                   $
l.364 \item[\code{metric\_rtol}]
                                 Relative tolerance for validating \code{C} and
! Missing } inserted.
<inserted text>
                }
l.364 \item[\code{metric\_rtol}]
                                 Relative tolerance for validating \code{C} and
! Missing } inserted.
<inserted text>
                }
l.364 \item[\code{metric\_rtol}]
                                 Relative tolerance for validating \code{C} and
! Missing } inserted.
<inserted text>
                }
l.364 \item[\code{metric\_rtol}]
                                 Relative tolerance for validating \code{C} and
! Missing $ inserted.
<inserted text>
                $
l.512 \eqn{d_j \le \code{rank_rtol} \cdot d_1}{}
                                                . Applied by every method
! Extra }, or forgotten $.
\textdef@ ...th {#1}\let \f@size #2\selectfont #3}
                                                  }
l.512 \eqn{d_j \le \code{rank_rtol} \cdot d_1}{}
                                                . Applied by every method
! Extra }, or forgotten $.
\textdef@ ...h {#1}\let \f@size #2\selectfont #3}}

l.512 \eqn{d_j \le \code{rank_rtol} \cdot d_1}{}
                                                . Applied by every method
! Extra }, or forgotten $.
\text@ ...e {\textdef@ \displaystyle \f@size {#1}}
                                                  {\textdef@ \textstyle \f@s...
l.512 \eqn{d_j \le \code{rank_rtol} \cdot d_1}{}
                                                . Applied by every method
! Missing $ inserted.
<inserted text>
                $
l.512 \eqn{d_j \le \code{rank_rtol} \cdot d_1}{}
                                                . Applied by every method
! Extra }, or forgotten $.
\textdef@ ...th {#1}\let \f@size #2\selectfont #3}
                                                  }
l.512 \eqn{d_j \le \code{rank_rtol} \cdot d_1}{}
                                                . Applied by every method
! Extra }, or forgotten $.
\textdef@ ...h {#1}\let \f@size #2\selectfont #3}}

l.512 \eqn{d_j \le \code{rank_rtol} \cdot d_1}{}
                                                . Applied by every method
! Extra }, or forgotten $.
\text@ ...xtstyle \f@size {\firstchoice@false #1}}
                                                  {\textdef@ \textstyle \sf@...
l.512 \eqn{d_j \le \code{rank_rtol} \cdot d_1}{}
                                                . Applied by every method
! Missing $ inserted.
<inserted text>
                $
l.512 \eqn{d_j \le \code{rank_rtol} \cdot d_1}{}
                                                . Applied by every method
! Extra }, or forgotten $.
\textdef@ ...th {#1}\let \f@size #2\selectfont #3}
                                                  }
l.512 \eqn{d_j \le \code{rank_rtol} \cdot d_1}{}
                                                . Applied by every method
! Extra }, or forgotten $.
\textdef@ ...h {#1}\let \f@size #2\selectfont #3}}

l.512 \eqn{d_j \le \code{rank_rtol} \cdot d_1}{}
                                                . Applied by every method
! Extra }, or forgotten $.
\text@ ...tstyle \sf@size {\firstchoice@false #1}}
                                                  {\textdef@ \textstyle \ssf...
l.512 \eqn{d_j \le \code{rank_rtol} \cdot d_1}{}
                                                . Applied by every method
! Missing $ inserted.
<inserted text>
                $
l.512 \eqn{d_j \le \code{rank_rtol} \cdot d_1}{}
                                                . Applied by every method
! Extra }, or forgotten $.
\textdef@ ...th {#1}\let \f@size #2\selectfont #3}
                                                  }
l.512 \eqn{d_j \le \code{rank_rtol} \cdot d_1}{}
                                                . Applied by every method
! Extra }, or forgotten $.
\textdef@ ...h {#1}\let \f@size #2\selectfont #3}}

l.512 \eqn{d_j \le \code{rank_rtol} \cdot d_1}{}
                                                . Applied by every method
! Extra }, or forgotten $.
\text@ ...style \ssf@size {\firstchoice@false #1}}
                                                  \check@mathfonts }
l.512 \eqn{d_j \le \code{rank_rtol} \cdot d_1}{}
                                                . Applied by every method
! Extra }, or forgotten $.
\text@ ...firstchoice@false #1}}\check@mathfonts }

l.512 \eqn{d_j \le \code{rank_rtol} \cdot d_1}{}
                                                . Applied by every method
! Extra }, or forgotten $.
\Rd@code@wrk #1->\texttt {#1}\egroup

l.512 \eqn{d_j \le \code{rank_rtol} \cdot d_1}{}
                                                . Applied by every method
! Missing } inserted.
<inserted text>
                }
l.519 \item[\code{oversample}]
                               Oversampling for \code{method = "randomized"}...
! Missing } inserted.
<inserted text>
                }
l.519 \item[\code{oversample}]
                               Oversampling for \code{method = "randomized"}...
! Missing $ inserted.
<inserted text>
                $
l.519 \item[\code{oversample}]
                               Oversampling for \code{method = "randomized"}...
! Missing } inserted.
<inserted text>
                }
l.519 \item[\code{oversample}]
                               Oversampling for \code{method = "randomized"}...
! Missing } inserted.
<inserted text>
                }
l.519 \item[\code{oversample}]
                               Oversampling for \code{method = "randomized"}...
! Missing } inserted.
<inserted text>
                }
l.519 \item[\code{oversample}]
                               Oversampling for \code{method = "randomized"}...
! Missing $ inserted.
<inserted text>
                $
l.519 \item[\code{oversample}]
                               Oversampling for \code{method = "randomized"}...
! Missing } inserted.
<inserted text>
                }
l.519 \item[\code{oversample}]
                               Oversampling for \code{method = "randomized"}...
! Missing } inserted.
<inserted text>
                }
l.519 \item[\code{oversample}]
                               Oversampling for \code{method = "randomized"}...
! Missing } inserted.
<inserted text>
                }
l.519 \item[\code{oversample}]
                               Oversampling for \code{method = "randomized"}...
! Missing $ inserted.
<inserted text>
                $
l.519 \item[\code{oversample}]
                               Oversampling for \code{method = "randomized"}...
! Missing } inserted.
<inserted text>
                }
l.519 \item[\code{oversample}]
                               Oversampling for \code{method = "randomized"}...
! Missing } inserted.
<inserted text>
                }
l.519 \item[\code{oversample}]
                               Oversampling for \code{method = "randomized"}...
! Missing } inserted.
<inserted text>
                }
l.519 \item[\code{oversample}]
                               Oversampling for \code{method = "randomized"}...
! Missing $ inserted.
<inserted text>
                $
l.519 \item[\code{oversample}]
                               Oversampling for \code{method = "randomized"}...
! Missing } inserted.
<inserted text>
                }
l.519 \item[\code{oversample}]
                               Oversampling for \code{method = "randomized"}...
! Missing { inserted.
<to be read again>
                   $
l.519 \item[\code{oversample}]
                               Oversampling for \code{method = "randomized"}...
! Missing } inserted.
<inserted text>
                }
l.519 \item[\code{oversample}]
                               Oversampling for \code{method = "randomized"}...
! Missing { inserted.
<to be read again>
                   $
l.519 \item[\code{oversample}]
                               Oversampling for \code{method = "randomized"}...
! Missing } inserted.
<inserted text>
                }
l.519 \item[\code{oversample}]
                               Oversampling for \code{method = "randomized"}...
! Missing { inserted.
<to be read again>
                   $
l.519 \item[\code{oversample}]
                               Oversampling for \code{method = "randomized"}...
! Missing } inserted.
<inserted text>
                }
l.519 \item[\code{oversample}]
                               Oversampling for \code{method = "randomized"}...
! Missing } inserted.
<inserted text>
                }
l.519 \item[\code{oversample}]
                               Oversampling for \code{method = "randomized"}...
! Missing } inserted.
<inserted text>
                }
l.519 \item[\code{oversample}]
                               Oversampling for \code{method = "randomized"}...
! Missing $ inserted.
<inserted text>
                $
l.712 ...with \eqn{d_j \le \code{rank_rtol} d_1}{}

! Extra }, or forgotten $.
\textdef@ ...th {#1}\let \f@size #2\selectfont #3}
                                                  }
l.712 ...with \eqn{d_j \le \code{rank_rtol} d_1}{}

! Extra }, or forgotten $.
\textdef@ ...h {#1}\let \f@size #2\selectfont #3}}

l.712 ...with \eqn{d_j \le \code{rank_rtol} d_1}{}

! Extra }, or forgotten $.
\text@ ...e {\textdef@ \displaystyle \f@size {#1}}
                                                  {\textdef@ \textstyle \f@s...
l.712 ...with \eqn{d_j \le \code{rank_rtol} d_1}{}

! Missing $ inserted.
<inserted text>
                $
l.712 ...with \eqn{d_j \le \code{rank_rtol} d_1}{}

! Extra }, or forgotten $.
\textdef@ ...th {#1}\let \f@size #2\selectfont #3}
                                                  }
l.712 ...with \eqn{d_j \le \code{rank_rtol} d_1}{}

! Extra }, or forgotten $.
\textdef@ ...h {#1}\let \f@size #2\selectfont #3}}

l.712 ...with \eqn{d_j \le \code{rank_rtol} d_1}{}

! Extra }, or forgotten $.
\text@ ...xtstyle \f@size {\firstchoice@false #1}}
                                                  {\textdef@ \textstyle \sf@...
l.712 ...with \eqn{d_j \le \code{rank_rtol} d_1}{}

! Missing $ inserted.
<inserted text>
                $
l.712 ...with \eqn{d_j \le \code{rank_rtol} d_1}{}

! Extra }, or forgotten $.
\textdef@ ...th {#1}\let \f@size #2\selectfont #3}
                                                  }
l.712 ...with \eqn{d_j \le \code{rank_rtol} d_1}{}

! Extra }, or forgotten $.
\textdef@ ...h {#1}\let \f@size #2\selectfont #3}}

l.712 ...with \eqn{d_j \le \code{rank_rtol} d_1}{}

! Extra }, or forgotten $.
\text@ ...tstyle \sf@size {\firstchoice@false #1}}
                                                  {\textdef@ \textstyle \ssf...
l.712 ...with \eqn{d_j \le \code{rank_rtol} d_1}{}

! Missing $ inserted.
<inserted text>
                $
l.712 ...with \eqn{d_j \le \code{rank_rtol} d_1}{}

! Extra }, or forgotten $.
\textdef@ ...th {#1}\let \f@size #2\selectfont #3}
                                                  }
l.712 ...with \eqn{d_j \le \code{rank_rtol} d_1}{}

! Extra }, or forgotten $.
\textdef@ ...h {#1}\let \f@size #2\selectfont #3}}

l.712 ...with \eqn{d_j \le \code{rank_rtol} d_1}{}

! Extra }, or forgotten $.
\text@ ...style \ssf@size {\firstchoice@false #1}}
                                                  \check@mathfonts }
l.712 ...with \eqn{d_j \le \code{rank_rtol} d_1}{}

! Extra }, or forgotten $.
\text@ ...firstchoice@false #1}}\check@mathfonts }

l.712 ...with \eqn{d_j \le \code{rank_rtol} d_1}{}

! Extra }, or forgotten $.
\Rd@code@wrk #1->\texttt {#1}\egroup

l.712 ...with \eqn{d_j \le \code{rank_rtol} d_1}{}

! Missing } inserted.
<inserted text>
                }
l.715 \item[\code{metric\_rtol}]
                                 Relative tolerance for validating \code{C} and
! Missing } inserted.
<inserted text>
                }
l.715 \item[\code{metric\_rtol}]
                                 Relative tolerance for validating \code{C} and
! Missing $ inserted.
<inserted text>
                $
l.715 \item[\code{metric\_rtol}]
                                 Relative tolerance for validating \code{C} and
! Missing } inserted.
<inserted text>
                }
l.715 \item[\code{metric\_rtol}]
                                 Relative tolerance for validating \code{C} and
! Missing } inserted.
<inserted text>
                }
l.715 \item[\code{metric\_rtol}]
                                 Relative tolerance for validating \code{C} and
! Missing } inserted.
<inserted text>
                }
l.715 \item[\code{metric\_rtol}]
                                 Relative tolerance for validating \code{C} and
! Missing $ inserted.
<inserted text>
                $
l.715 \item[\code{metric\_rtol}]
                                 Relative tolerance for validating \code{C} and
! Missing } inserted.
<inserted text>
                }
l.715 \item[\code{metric\_rtol}]
                                 Relative tolerance for validating \code{C} and
! Missing } inserted.
<inserted text>
                }
l.715 \item[\code{metric\_rtol}]
                                 Relative tolerance for validating \code{C} and
! Missing } inserted.
<inserted text>
                }
l.715 \item[\code{metric\_rtol}]
                                 Relative tolerance for validating \code{C} and
! Missing $ inserted.
<inserted text>
                $
l.715 \item[\code{metric\_rtol}]
                                 Relative tolerance for validating \code{C} and
! Missing } inserted.
<inserted text>
                }
l.715 \item[\code{metric\_rtol}]
                                 Relative tolerance for validating \code{C} and
! Missing } inserted.
<inserted text>
                }
l.715 \item[\code{metric\_rtol}]
                                 Relative tolerance for validating \code{C} and
! Missing } inserted.
<inserted text>
                }
l.715 \item[\code{metric\_rtol}]
                                 Relative tolerance for validating \code{C} and
! Missing $ inserted.
<inserted text>
                $
l.715 \item[\code{metric\_rtol}]
                                 Relative tolerance for validating \code{C} and
! Missing } inserted.
<inserted text>
                }
l.715 \item[\code{metric\_rtol}]
                                 Relative tolerance for validating \code{C} and
! Missing { inserted.
<to be read again>
                   $
l.715 \item[\code{metric\_rtol}]
                                 Relative tolerance for validating \code{C} and
! Missing } inserted.
<inserted text>
                }
l.715 \item[\code{metric\_rtol}]
                                 Relative tolerance for validating \code{C} and
! Missing { inserted.
<to be read again>
                   $
l.715 \item[\code{metric\_rtol}]
                                 Relative tolerance for validating \code{C} and
! Missing } inserted.
<inserted text>
                }
l.715 \item[\code{metric\_rtol}]
                                 Relative tolerance for validating \code{C} and
! Missing { inserted.
<to be read again>
                   $
l.715 \item[\code{metric\_rtol}]
                                 Relative tolerance for validating \code{C} and
! Missing } inserted.
<inserted text>
                }
l.715 \item[\code{metric\_rtol}]
                                 Relative tolerance for validating \code{C} and
! Missing } inserted.
<inserted text>
                }
l.715 \item[\code{metric\_rtol}]
                                 Relative tolerance for validating \code{C} and
! Missing } inserted.
<inserted text>
                }
l.715 \item[\code{metric\_rtol}]
                                 Relative tolerance for validating \code{C} and
* checking PDF version of manual without index ... ERROR
* checking HTML version of manual ... NOTE
Skipping checking HTML validation: 'tidy' doesn't look like recent enough HTML Tidy.
Please obtain a recent version of HTML Tidy by downloading a binary
release or compiling the source code from <https://www.html-tidy.org/>.
Found the following math rendering problems:
geigen_cov.Rd:36: Expected 'EOF', got '_' in ... \le \code{rank_rtol} d_1
genpca.Rd:105: Expected 'EOF', got '_' in ... \le \code{rank_rtol} \cdot d_1
genpca_cov.Rd:41: Expected 'EOF', got '_' in ... \le \code{rank_rtol} d_1
* checking for non-standard things in the check directory ... NOTE
Found the following files/directories:
  'genpca-manual.tex'
* checking for detritus in the temp directory ... OK
* DONE
Status: 1 ERROR, 2 WARNINGs, 4 NOTEs
